2026-09-25 08:30:38 | INFO | extract.py:get_connection:127 | Connected to ClickHouse.
2026-09-25 08:30:40 | WARNING | extract.py:get_connection:132 | Connection attempt 1 failed: 'NoneType' object has no attribute 'level'
2026-09-25 08:30:40 | CRITICAL | extract.py:<module>:260 | Pipeline crashed
Traceback (most recent call last):
  File "/home/spotmccormick/dev-sandbox/world_flight_tracker/etl/extract.py", line 127, in get_connection
    logging.info("Connected to ClickHouse.")
    ~~~~~~~~~~~~^^^^^^^^^^^^^^^^^^^^^^^^^^^^
  File "/usr/lib/python3.14/logging/__init__.py", line 2201, in info
    root.info(msg, *args, **kwargs)
    ~~~~~~~~~^^^^^^^^^^^^^^^^^^^^^^
  File "/usr/lib/python3.14/logging/__init__.py", line 1520, in info
    self._log(INFO, msg, args, **kwargs)
    ~~~~~~~~~^^^^^^^^^^^^^^^^^^^^^^^^^^^
  File "/usr/lib/python3.14/logging/__init__.py", line 1665, in _log
    self.handle(record)
    ~~~~~~~~~~~^^^^^^^^
  File "/usr/lib/python3.14/logging/__init__.py", line 1681, in handle
    self.callHandlers(record)
    ~~~~~~~~~~~~~~~~~^^^^^^^^
  File "/usr/lib/python3.14/logging/__init__.py", line 1740, in callHandlers
    if record.levelno >= hdlr.level:
                         ^^^^^^^^^^
AttributeError: 'NoneType' object has no attribute 'level'

During handling of the above exception, another exception occurred:

Traceback (most recent call last):
  File "/home/spotmccormick/dev-sandbox/world_flight_tracker/etl/extract.py", line 255, in <module>
    run_stream()
    ~~~~~~~~~~^^
  File "/home/spotmccormick/dev-sandbox/world_flight_tracker/etl/extract.py", line 191, in run_stream
    conn = get_connection()
  File "/home/spotmccormick/dev-sandbox/world_flight_tracker/etl/extract.py", line 132, in get_connection
    logging.warning(
    ~~~~~~~~~~~~~~~^
        f"Connection attempt {attempt + 1} failed: {e}"
        ^^^^^^^^^^^^^^^^^^^^^^^^^^^^^^^^^^^^^^^^^^^^^^^
    )
    ^
  File "/usr/lib/python3.14/logging/__init__.py", line 2186, in warning
    root.warning(msg, *args, **kwargs)
    ~~~~~~~~~~~~^^^^^^^^^^^^^^^^^^^^^^
  File "/usr/lib/python3.14/logging/__init__.py", line 1532, in warning
    self._log(WARNING, msg, args, **kwargs)
    ~~~~~~~~~^^^^^^^^^^^^^^^^^^^^^^^^^^^^^^
  File "/usr/lib/python3.14/logging/__init__.py", line 1665, in _log
    self.handle(record)
    ~~~~~~~~~~~^^^^^^^^
  File "/usr/lib/python3.14/logging/__init__.py", line 1681, in handle
    self.callHandlers(record)
    ~~~~~~~~~~~~~~~~~^^^^^^^^
  File "/usr/lib/python3.14/logging/__init__.py", line 1740, in callHandlers
    if record.levelno >= hdlr.level:
                         ^^^^^^^^^^
AttributeError: 'NoneType' object has no attribute 'level'
2026-09-25 08:33:43 | INFO | extract.py:get_connection:127 | Connected to ClickHouse.
2026-09-25 08:33:45 | INFO | extract.py:run_stream:194 | --- Flight Stream Started ---
2026-09-25 08:33:45 | INFO | extract.py:run_stream:195 | Loaded credentials for client: spotmccormick-api-client
2026-09-25 08:33:46 | INFO | extract.py:run_stream:198 | Polling every 300s...
2026-09-25 08:33:46 | INFO | extract.py:refresh_token:87 | Refreshing OAuth token...
2026-09-25 08:33:47 | INFO | extract.py:refresh_token:106 | Token valid for 1800s
2026-09-25 08:33:55 | INFO | extract.py:run_stream:234 | SUCCESS - Loaded 12668 flights | 1 row | 8.58s
2026-09-25 08:36:35 | INFO | extract.py:run_stream:250 | Database connection closed.
2026-09-25 08:36:35 | INFO | extract.py:<module>:257 | Stream stopped by user.
2026-09-25 08:40:52 | INFO | extract.py:<module>:60 | run 3597cc81-4347-46ff-b45c-82d56a126762 | Run ID: 3597cc81-4347-46ff-b45c-82d56a126762
2026-09-25 08:40:55 | INFO | extract.py:get_connection:134 | run 3597cc81-4347-46ff-b45c-82d56a126762 | Connected to ClickHouse.
2026-09-25 08:40:55 | INFO | extract.py:run_stream:201 | run 3597cc81-4347-46ff-b45c-82d56a126762 | --- Flight Stream Started ---
2026-09-25 08:40:56 | INFO | extract.py:run_stream:202 | run 3597cc81-4347-46ff-b45c-82d56a126762 | Loaded credentials for client: spotmccormick-api-client
2026-09-25 08:40:56 | INFO | extract.py:run_stream:205 | run 3597cc81-4347-46ff-b45c-82d56a126762 | Polling every 300s...
2026-09-25 08:40:57 | INFO | extract.py:refresh_token:94 | run 3597cc81-4347-46ff-b45c-82d56a126762 | Refreshing OAuth token...
2026-09-25 08:40:58 | INFO | extract.py:refresh_token:113 | run 3597cc81-4347-46ff-b45c-82d56a126762 | Token valid for 1800s
2026-09-25 08:41:08 | INFO | extract.py:run_stream:241 | run 3597cc81-4347-46ff-b45c-82d56a126762 | SUCCESS - Loaded 12811 flights | 1 row | 11.72s
2026-09-25 08:42:50 | INFO | extract.py:run_stream:257 | run 3597cc81-4347-46ff-b45c-82d56a126762 | Database connection closed.
2026-09-25 08:42:51 | INFO | extract.py:<module>:264 | run 3597cc81-4347-46ff-b45c-82d56a126762 | Stream stopped by user.
